// Jest Snapshot v1, https://goo.gl/fbAQLP

exports[`codegen interpolation 1`] = `
"const {toDisplayString: _toDisplayString} = Vue
return funciton render(_ctx, _cache){return_toDisplayString(_ctx.message)}"
`;

exports[`codegen string 1`] = `
"
return funciton render(_ctx, _cache){return'hi'}"
`;
